[2021-06-02 08:54:21,986][neptune.new.internal.operation_processors.async_operation_processor][ERROR] - Error occurred during asynchronous operation processing: Timestamp must be non-decreasing for series attribute: monitoring/stdout. Invalid point: 2021-06-02T15:54:20.153Z
[2021-06-02 08:54:21,987][neptune.new.internal.operation_processors.async_operation_processor][ERROR] - Error occurred during asynchronous operation processing: Timestamp must be non-decreasing for series attribute: monitoring/stdout. Invalid point: 2021-06-02T15:54:20.153Z
[2021-06-02 08:54:21,987][neptune.new.internal.operation_processors.async_operation_processor][ERROR] - Error occurred during asynchronous operation processing: Timestamp must be non-decreasing for series attribute: monitoring/stdout. Invalid point: 2021-06-02T15:54:20.978Z
[2021-06-02 08:54:21,988][neptune.new.internal.operation_processors.async_operation_processor][ERROR] - Error occurred during asynchronous operation processing: Timestamp must be non-decreasing for series attribute: monitoring/gpu_memory. Invalid point: 2021-06-02T15:54:20.149Z
[2021-06-02 08:54:21,988][neptune.new.internal.operation_processors.async_operation_processor][ERROR] - Error occurred during asynchronous operation processing: Timestamp must be non-decreasing for series attribute: monitoring/cpu. Invalid point: 2021-06-02T15:54:20.149Z
[2021-06-02 08:54:21,988][neptune.new.internal.operation_processors.async_operation_processor][ERROR] - Error occurred during asynchronous operation processing: Timestamp must be non-decreasing for series attribute: monitoring/memory. Invalid point: 2021-06-02T15:54:20.149Z
[2021-06-02 09:02:20,406][neptune.new.internal.operation_processors.async_operation_processor][ERROR] - Error occurred during asynchronous operation processing: Timestamp must be non-decreasing for series attribute: monitoring/cpu. Invalid point: 2021-06-02T16:02:16.940Z
[2021-06-02 09:02:20,407][neptune.new.internal.operation_processors.async_operation_processor][ERROR] - Error occurred during asynchronous operation processing: Timestamp must be non-decreasing for series attribute: monitoring/gpu_memory. Invalid point: 2021-06-02T16:02:16.940Z
[2021-06-02 09:02:20,407][neptune.new.internal.operation_processors.async_operation_processor][ERROR] - Error occurred during asynchronous operation processing: Timestamp must be non-decreasing for series attribute: monitoring/memory. Invalid point: 2021-06-02T16:02:16.940Z
[2021-06-02 09:03:58,712][neptune.new.internal.operation_processors.async_operation_processor][ERROR] - Error occurred during asynchronous operation processing: Timestamp must be non-decreasing for series attribute: monitoring/stdout. Invalid point: 2021-06-02T16:03:55.480Z
[2021-06-02 09:03:58,712][neptune.new.internal.operation_processors.async_operation_processor][ERROR] - Error occurred during asynchronous operation processing: Timestamp must be non-decreasing for series attribute: monitoring/stdout. Invalid point: 2021-06-02T16:03:55.482Z
[2021-06-02 09:03:58,713][neptune.new.internal.operation_processors.async_operation_processor][ERROR] - Error occurred during asynchronous operation processing: Timestamp must be non-decreasing for series attribute: monitoring/gpu_memory. Invalid point: 2021-06-02T16:03:55.472Z
[2021-06-02 09:03:58,713][neptune.new.internal.operation_processors.async_operation_processor][ERROR] - Error occurred during asynchronous operation processing: Timestamp must be non-decreasing for series attribute: monitoring/cpu. Invalid point: 2021-06-02T16:03:55.472Z
[2021-06-02 09:03:58,713][neptune.new.internal.operation_processors.async_operation_processor][ERROR] - Error occurred during asynchronous operation processing: Timestamp must be non-decreasing for series attribute: monitoring/gpu. Invalid point: 2021-06-02T16:03:55.472Z
[2021-06-02 09:03:58,713][neptune.new.internal.operation_processors.async_operation_processor][ERROR] - Error occurred during asynchronous operation processing: Timestamp must be non-decreasing for series attribute: monitoring/memory. Invalid point: 2021-06-02T16:03:55.472Z
